[33C [41;97mFBI WARNING(B[0m

[8C Federal Law provides severe civil and criminal penalties for
[8C the unauthorized reproduction, distribution, or exhibition of
[8C copyrighted motion pictures (Title 17, United States Code,
[8C Sections 501 and 508). The Federal Bureau of Investigation
[8C investigates allegations of criminal copyright infringement
[13C (Title 17, United States Code, Section 506).